LTspice 26.1.1 for Windows
Circuit: C:\Users\tongs\Documents\GitHub\zhihu-physics-notes\docs\assets\downloads\ch12-20-60\p12-53\DC.cir
Start Time: Tue Sep 22 09:56:16 2026
Options:numdgt=15 measdgt=12
solver = Normal
Maximum thread count: 16
tnom = 27
temp = 27
method = trap
Total elapsed time: 0.016 seconds.
Total iterations: 5

Files loaded:
C:\Users\tongs\Documents\GitHub\zhihu-physics-notes\docs\assets\downloads\ch12-20-60\p12-53\DC.cir

ic1: (I(Vbe1)*50)=0.000977653631285 at 10
ic2: (I(Vbe2)*50)=0.00271428130498 at 10
v_b1: V(b1)=0.7 at 10
v_b2: V(b2)=2.77642519831 at 10
v_e2: V(e2)=2.07642519831 at 10
v_out: V(out)=4.02858112905 at 10
v_tap: V(tap)=1.38428346554 at 10
v_vcc: V(vcc)=10 at 10
