LTspice 26.1.1 for Windows
Circuit: C:\Users\tongs\Documents\GitHub\zhihu-physics-notes\docs\assets\downloads\ch12-20-60\p12-42\DC.cir
Start Time: Tue Sep 22 09:56:00 2026
Options:numdgt=15 measdgt=12
solver = Normal
Maximum thread count: 16
tnom = 27
temp = 27
method = trap
Total elapsed time: 0.009 seconds.
Total iterations: 7

Files loaded:
C:\Users\tongs\Documents\GitHub\zhihu-physics-notes\docs\assets\downloads\ch12-20-60\p12-42\DC.cir

ic1: (I(Vbe1)*50)=0.000938117361006 at 25
ic2: (I(Vbe2)*50)=0.00185506826844 at 25
v_b1: V(b1)=5.29302259948 at 25
v_b2: V(b2)=9.59319727891 at 25
v_c1: V(c1)=15.6188263899 at 25
v_e1: V(e1)=4.59302259948 at 25
v_e2: V(e2)=8.89319727891 at 25
v_f: V(f)=0.0956879708226 at 25
v_out: V(out)=16.2811791383 at 25
v_vcc: V(vcc)=25 at 25
