LTspice 26.1.1 for Windows
Circuit: C:\Users\tongs\Documents\GitHub\zhihu-physics-notes\docs\assets\downloads\ch12-20-60\p12-36\DC.cir
Start Time: Tue Sep 22 09:55:52 2026
Options:numdgt=15 measdgt=12
solver = Normal
Maximum thread count: 16
tnom = 27
temp = 27
method = trap
Total elapsed time: 0.015 seconds.
Total iterations: 5

Files loaded:
C:\Users\tongs\Documents\GitHub\zhihu-physics-notes\docs\assets\downloads\ch12-20-60\p12-36\DC.cir

ic1: (I(Vbe1)*100)=0.000519480502794 at 12
ic2: (I(Vbe2)*100)=0.000470618507107 at 12
ic3: (I(Vbe3)*100)=0.00203487307962 at 12
v_b1: V(b1)=-0.00519480502794 at 12
v_b3: V(b3)=0.904140423386 at 12
v_fb: V(fb)=-0.00519480502794 at 12
v_out: V(out)=0.204140423386 at 12
v_s: V(s)=0 at 12
v_tail: V(tail)=-0.705194805028 at 12
v_vcc: V(vcc)=12 at 12
