stdout Note: No compatibility mode selected!
stdout Circuit: engr202 problem 2 - ngspice numerical validation
stdout ******
stdout ** ngspice-39 : Circuit level simulation program
stdout ** The U. C. Berkeley CAD Group
stdout ** Copyright 1985-1994, Regents of the University of California.
stdout ** Copyright 2001-2022, The ngspice team.
stdout ** Please get your ngspice manual from http://ngspice.sourceforge.net/docs.html
stdout ** Please file your bug-reports at http://ngspice.sourceforge.net/bugrep.html
stdout ** Creation Date: Sun Feb  5 13:44:35 UTC 2023
stdout ******
stdout Doing analysis at TEMP = 27.000000 and TNOM = 27.000000
stdout Initial Transient Solution
stdout --------------------------
stdout Node                                   Voltage
stdout ----                                   -------
stdout s1                                     14.3396
stdout a                                      4.33962
stdout b                                      7.84906
stdout c                                           10
stdout v1#branch                             -2.15094
stdout No. of Data Rows : 108
stdout Measurements for Transient Analysis
stdout va_v                =  4.339623e+00
stdout vb_v                =  7.849057e+00
stdout vx_v                =  7.849057e+00
stdout iy_a                =  2.169811e+00
stdout ix_a                =  -5.849057e-01
