LTspice 26.1.1 for Windows
Circuit: C:\Users\tongs\Documents\GitHub\zhihu-physics-notes\docs\assets\downloads\ch12-20-60\p12-44\DeviceDC.cir
Start Time: Tue Sep 22 09:56:03 2026
Options:numdgt=15 measdgt=12 reltol=1e-9 abstol=1e-14 vntol=1e-10
solver = Normal
Maximum thread count: 16
tnom = 27
temp = 27
method = trap
abstol = 1e-14
reltol = 1e-09
volttol = 1e-10
Instance "M1": Length shorter than recommended for a level 1 MOSFET.
Instance "M2": Length shorter than recommended for a level 1 MOSFET.
Instance "M3": Length shorter than recommended for a level 1 MOSFET.
Total elapsed time: 0.019 seconds.
Total iterations: 13

Files loaded:
C:\Users\tongs\Documents\GitHub\zhihu-physics-notes\docs\assets\downloads\ch12-20-60\p12-44\DeviceDC.cir

id1: Id(M1)=0.00050000000243 at 12
id2: Id(M2)=0.00049999999757 at 12
id3: Id(M3)=0.0020000000054 at 12
vout: V(out)=5.08995139868e-08 at 12
