LTspice 26.1.1 for Windows
Circuit: C:\Users\tongs\Documents\GitHub\zhihu-physics-notes\docs\assets\downloads\ch12-20-60\p12-56\DeviceDC.cir
Start Time: Tue Sep 22 09:56:21 2026
Options:numdgt=15 measdgt=12 reltol=1e-9 abstol=1e-14 vntol=1e-10
solver = Normal
Maximum thread count: 16
tnom = 27
temp = 27
method = trap
abstol = 1e-14
reltol = 1e-09
volttol = 1e-10
Instance "M1": Length shorter than recommended for a level 1 MOSFET.
Instance "M1": Width narrower than recommended for a level 1 MOSFET.
Instance "M2": Length shorter than recommended for a level 1 MOSFET.
Instance "M2": Width narrower than recommended for a level 1 MOSFET.
Instance "M3": Length shorter than recommended for a level 1 MOSFET.
Instance "M3": Width narrower than recommended for a level 1 MOSFET.
Total elapsed time: 0.021 seconds.
Total iterations: 13

Files loaded:
C:\Users\tongs\Documents\GitHub\zhihu-physics-notes\docs\assets\downloads\ch12-20-60\p12-56\DeviceDC.cir

id1: Id(M1)=0.000999915219753 at 3
id2: Id(M2)=0.00100008478025 at 3
id3: (-Id(M3))=0.0120970159221 at 3
vd1: V(d1)=1.40013564839 at 3
vg2: V(fb)=5.9948687807e-05 at 3
