LTspice 26.1.1 for Windows
Circuit: C:\Users\tongs\Documents\GitHub\zhihu-physics-notes\docs\assets\downloads\ch12-20-60\p12-50\DC.cir
Start Time: Tue Sep 22 09:56:11 2026
Options:numdgt=15 measdgt=12
solver = Normal
Maximum thread count: 16
tnom = 27
temp = 27
method = trap
Total elapsed time: 0.014 seconds.
Total iterations: 5

Files loaded:
C:\Users\tongs\Documents\GitHub\zhihu-physics-notes\docs\assets\downloads\ch12-20-60\p12-50\DC.cir

ic1: (I(Vbe1)*100)=0.00111111111111 at 10
ic2: (I(Vbe2)*100)=0.00126482213439 at 10
v_b1: V(b1)=1.82222222222 at 10
v_b2: V(b2)=1.33873517787 at 10
v_c1: V(c1)=7.77777777778 at 10
v_e1: V(e1)=1.12222222222 at 10
v_e2: V(e2)=0.638735177866 at 10
v_out: V(out)=4.94071146245 at 10
v_vcc: V(vcc)=10 at 10
