LTspice 26.1.1 for Windows
Circuit: C:\Users\tongs\Documents\GitHub\zhihu-physics-notes\docs\assets\downloads\ch12-20-60\p12-52\DC.cir
Start Time: Tue Sep 22 09:56:15 2026
Options:numdgt=15 measdgt=12
solver = Normal
Maximum thread count: 16
tnom = 27
temp = 27
method = trap
Total elapsed time: 0.010 seconds.
Total iterations: 5

Files loaded:
C:\Users\tongs\Documents\GitHub\zhihu-physics-notes\docs\assets\downloads\ch12-20-60\p12-52\DC.cir

ic1: (I(Vbe1)*120)=0.00174636137866 at 10
ic2: (I(Vbe2)*120)=0.000495687014223 at 10
v_b1: V(b1)=2.46091439015 at 10
v_b2: V(b2)=4.74852368866 at 10
v_e1: V(e1)=1.76091439015 at 10
v_e2: V(e2)=4.04852368866 at 10
v_out: V(out)=8.01725194311 at 10
v_vcc: V(vcc)=10 at 10
