LTspice 26.1.1 for Windows
Circuit: C:\Users\tongs\Documents\GitHub\zhihu-physics-notes\docs\assets\downloads\ch12-20-60\p12-43\DC.cir
Start Time: Tue Sep 22 09:56:01 2026
Options:numdgt=15 measdgt=12
solver = Normal
Maximum thread count: 16
tnom = 27
temp = 27
method = trap
Total elapsed time: 0.012 seconds.
Total iterations: 5

Files loaded:
C:\Users\tongs\Documents\GitHub\zhihu-physics-notes\docs\assets\downloads\ch12-20-60\p12-43\DC.cir

ic1: (I(Vbe1)*120)=0.00049999999081 at 15
ic2: (I(Vbe2)*120)=0.0010000000252 at 15
ic3: (I(Vbe3)*120)=0.0050000000012 at 15
v_b1: V(b1)=0.75041666574 at 15
v_b2: V(b2)=0.7 at 15
v_b3: V(b3)=5.74166666788 at 15
v_c1: V(c1)=10.0000000919 at 15
v_c2: V(c2)=4.99999974802 at 15
v_e1: V(e1)=0.05041666574 at 15
v_out: V(out)=5.04166666788 at 15
v_vcc: V(vcc)=15 at 15
