LTspice 26.1.1 for Windows
Circuit: C:\Users\tongs\Documents\GitHub\zhihu-physics-notes\docs\assets\downloads\ch12-20-60\p12-59\DC.cir
Start Time: Tue Sep 22 09:56:24 2026
Options:numdgt=15 measdgt=12
solver = Normal
Maximum thread count: 16
tnom = 27
temp = 27
method = trap
Total elapsed time: 0.042 seconds.
Total iterations: 5

Files loaded:
C:\Users\tongs\Documents\GitHub\zhihu-physics-notes\docs\assets\downloads\ch12-20-60\p12-59\DC.cir

ic1: (I(Vbe1)*100)=0.000509948529751 at 10
ic2: (I(Vbe2)*100)=0.00048015048015 at 10
ic3: (I(Vbe3)*100)=0.00198495198495 at 10
v_b3: V(b3)=0.7 at 10
v_e3: V(e3)=0 at 10
v_in: V(in)=0 at 10
v_out: V(out)=6.0300960301 at 10
v_tail: V(tail)=-0.7 at 10
v_vcc: V(vcc)=10 at 10
