LTspice 26.1.1 for Windows
Circuit: C:\Users\tongs\Documents\GitHub\zhihu-physics-notes\docs\assets\downloads\ch12-20-60\p12-37\DC.cir
Start Time: Tue Sep 22 09:55:53 2026
Options:numdgt=15 measdgt=12
solver = Normal
Maximum thread count: 16
tnom = 27
temp = 27
method = trap
Total elapsed time: 0.015 seconds.
Total iterations: 5

Files loaded:
C:\Users\tongs\Documents\GitHub\zhihu-physics-notes\docs\assets\downloads\ch12-20-60\p12-37\DC.cir

ic1: (I(Vbe1)*120)=0.000852947435625 at 10
ic2: (I(Vbe2)*120)=0.00048444533749 at 10
ic3: (I(Vbe3)*120)=0.00197513856094 at 10
v_b1: V(b1)=1.13002766546 at 10
v_b2: V(b2)=2.45853657509 at 10
v_b3: V(b3)=3.48823726853 at 10
v_e1: V(e1)=0.430027665461 at 10
v_e2: V(e2)=1.75853657509 at 10
v_out: V(out)=2.78823726853 at 10
v_vcc: V(vcc)=10 at 10
