LTspice 26.1.1 for Windows
Circuit: C:\Users\tongs\Documents\GitHub\zhihu-physics-notes\docs\assets\downloads\ch12-20-60\p12-54\DC.cir
Start Time: Tue Sep 22 09:56:18 2026
Options:numdgt=15 measdgt=12
solver = Normal
Maximum thread count: 16
tnom = 27
temp = 27
method = trap
Total elapsed time: 0.019 seconds.
Total iterations: 5

Files loaded:
C:\Users\tongs\Documents\GitHub\zhihu-physics-notes\docs\assets\downloads\ch12-20-60\p12-54\DC.cir

ic1: (I(Vbe1)*120)=0.000198347107438 at 10
ic2: (I(Vbe2)*120)=0.00101822288384 at 10
v_b1: V(b1)=-0.0413223140496 at 10
v_b2: V(b2)=1.72670807453 at 10
v_e1: V(e1)=-0.74132231405 at 10
v_e2: V(e2)=1.02670807453 at 10
v_out: V(out)=7.96355423233 at 10
v_vcc: V(vcc)=10 at 10
